▲ Next.js 16.2.9 (Turbopack)
- Environments: .env.local, .env

  Creating an optimized production build ...
✓ Compiled successfully in 4.1s
  Running TypeScript ...
